Archive member included to satisfy reference by file (symbol)

c:/program files (x86)/atmel/studio/7.0/toolchain/avr8/avr8-gnu-toolchain/bin/../lib/gcc/avr/5.4.0/avr4\libgcc.a(_exit.o)
                              C:/Program Files (x86)/Atmel/Studio/7.0/Packs/atmel/ATmega_DFP/1.7.374/gcc/dev/atmega88pa/avr4/crtatmega88pa.o (exit)
c:/program files (x86)/atmel/studio/7.0/toolchain/avr8/avr8-gnu-toolchain/bin/../lib/gcc/avr/5.4.0/avr4\libgcc.a(_clear_bss.o)
                              LCD.o (__do_clear_bss)

Allocating common symbols
Common symbol       size              file

alarm_el            0x4               main.o
smDig               0x14              main.o
T1_ovf_count        0x1               main.o
current_cps_count   0x2               main.o
Mystruct            0x2               main.o
LCD_pos_Y           0x1               LCD.o
test                0x1               main.o
LCD_pos_X           0x1               LCD.o
inversion           0x1               main.o
BCD                 0x8               main.o
count_el            0x4               main.o

Discarded input sections

 .data          0x00000000        0x0 C:/Program Files (x86)/Atmel/Studio/7.0/Packs/atmel/ATmega_DFP/1.7.374/gcc/dev/atmega88pa/avr4/crtatmega88pa.o
 .bss           0x00000000        0x0 C:/Program Files (x86)/Atmel/Studio/7.0/Packs/atmel/ATmega_DFP/1.7.374/gcc/dev/atmega88pa/avr4/crtatmega88pa.o
 .text          0x00000000        0x0 cinterrupts.o
 .data          0x00000000        0x0 cinterrupts.o
 .bss           0x00000000        0x0 cinterrupts.o
 .text          0x00000000        0x0 drafts.o
 .data          0x00000000        0x0 drafts.o
 .bss           0x00000000        0x0 drafts.o
 .text.my_C_function
                0x00000000        0x6 drafts.o
 .text.drafts   0x00000000       0x66 drafts.o
 .progmem.data  0x00000000        0x4 drafts.o
 .comment       0x00000000       0x31 drafts.o
 .data          0x00000000        0x0 functions.o
 .bss           0x00000000        0x0 functions.o
 .text          0x00000000        0x0 init.o
 .data          0x00000000        0x0 init.o
 .bss           0x00000000        0x0 init.o
 .data          0x00000000        0x0 interrupts.o
 .bss           0x00000000        0x0 interrupts.o
 .text          0x00000000        0x0 LCD.o
 .data          0x00000000        0x0 LCD.o
 .bss           0x00000000        0x0 LCD.o
 .text.LCD_sp   0x00000000       0x16 LCD.o
 .text.LCD_rclr
                0x00000000       0x5c LCD.o
 .text          0x00000000        0x0 main.o
 .data          0x00000000        0x0 main.o
 .bss           0x00000000        0x0 main.o
 .text          0x00000000        0x0 c:/program files (x86)/atmel/studio/7.0/toolchain/avr8/avr8-gnu-toolchain/bin/../lib/gcc/avr/5.4.0/avr4\libgcc.a(_exit.o)
 .data          0x00000000        0x0 c:/program files (x86)/atmel/studio/7.0/toolchain/avr8/avr8-gnu-toolchain/bin/../lib/gcc/avr/5.4.0/avr4\libgcc.a(_exit.o)
 .bss           0x00000000        0x0 c:/program files (x86)/atmel/studio/7.0/toolchain/avr8/avr8-gnu-toolchain/bin/../lib/gcc/avr/5.4.0/avr4\libgcc.a(_exit.o)
 .text.libgcc.mul
                0x00000000        0x0 c:/program files (x86)/atmel/studio/7.0/toolchain/avr8/avr8-gnu-toolchain/bin/../lib/gcc/avr/5.4.0/avr4\libgcc.a(_exit.o)
 .text.libgcc.div
                0x00000000        0x0 c:/program files (x86)/atmel/studio/7.0/toolchain/avr8/avr8-gnu-toolchain/bin/../lib/gcc/avr/5.4.0/avr4\libgcc.a(_exit.o)
 .text.libgcc   0x00000000        0x0 c:/program files (x86)/atmel/studio/7.0/toolchain/avr8/avr8-gnu-toolchain/bin/../lib/gcc/avr/5.4.0/avr4\libgcc.a(_exit.o)
 .text.libgcc.prologue
                0x00000000        0x0 c:/program files (x86)/atmel/studio/7.0/toolchain/avr8/avr8-gnu-toolchain/bin/../lib/gcc/avr/5.4.0/avr4\libgcc.a(_exit.o)
 .text.libgcc.builtins
                0x00000000        0x0 c:/program files (x86)/atmel/studio/7.0/toolchain/avr8/avr8-gnu-toolchain/bin/../lib/gcc/avr/5.4.0/avr4\libgcc.a(_exit.o)
 .text.libgcc.fmul
                0x00000000        0x0 c:/program files (x86)/atmel/studio/7.0/toolchain/avr8/avr8-gnu-toolchain/bin/../lib/gcc/avr/5.4.0/avr4\libgcc.a(_exit.o)
 .text.libgcc.fixed
                0x00000000        0x0 c:/program files (x86)/atmel/studio/7.0/toolchain/avr8/avr8-gnu-toolchain/bin/../lib/gcc/avr/5.4.0/avr4\libgcc.a(_exit.o)
 .text          0x00000000        0x0 c:/program files (x86)/atmel/studio/7.0/toolchain/avr8/avr8-gnu-toolchain/bin/../lib/gcc/avr/5.4.0/avr4\libgcc.a(_clear_bss.o)
 .data          0x00000000        0x0 c:/program files (x86)/atmel/studio/7.0/toolchain/avr8/avr8-gnu-toolchain/bin/../lib/gcc/avr/5.4.0/avr4\libgcc.a(_clear_bss.o)
 .bss           0x00000000        0x0 c:/program files (x86)/atmel/studio/7.0/toolchain/avr8/avr8-gnu-toolchain/bin/../lib/gcc/avr/5.4.0/avr4\libgcc.a(_clear_bss.o)
 .text.libgcc.mul
                0x00000000        0x0 c:/program files (x86)/atmel/studio/7.0/toolchain/avr8/avr8-gnu-toolchain/bin/../lib/gcc/avr/5.4.0/avr4\libgcc.a(_clear_bss.o)
 .text.libgcc.div
                0x00000000        0x0 c:/program files (x86)/atmel/studio/7.0/toolchain/avr8/avr8-gnu-toolchain/bin/../lib/gcc/avr/5.4.0/avr4\libgcc.a(_clear_bss.o)
 .text.libgcc   0x00000000        0x0 c:/program files (x86)/atmel/studio/7.0/toolchain/avr8/avr8-gnu-toolchain/bin/../lib/gcc/avr/5.4.0/avr4\libgcc.a(_clear_bss.o)
 .text.libgcc.prologue
                0x00000000        0x0 c:/program files (x86)/atmel/studio/7.0/toolchain/avr8/avr8-gnu-toolchain/bin/../lib/gcc/avr/5.4.0/avr4\libgcc.a(_clear_bss.o)
 .text.libgcc.builtins
                0x00000000        0x0 c:/program files (x86)/atmel/studio/7.0/toolchain/avr8/avr8-gnu-toolchain/bin/../lib/gcc/avr/5.4.0/avr4\libgcc.a(_clear_bss.o)
 .text.libgcc.fmul
                0x00000000        0x0 c:/program files (x86)/atmel/studio/7.0/toolchain/avr8/avr8-gnu-toolchain/bin/../lib/gcc/avr/5.4.0/avr4\libgcc.a(_clear_bss.o)
 .text.libgcc.fixed
                0x00000000        0x0 c:/program files (x86)/atmel/studio/7.0/toolchain/avr8/avr8-gnu-toolchain/bin/../lib/gcc/avr/5.4.0/avr4\libgcc.a(_clear_bss.o)

Memory Configuration

Name             Origin             Length             Attributes
text             0x00000000         0x00002000         xr
data             0x00800100         0x00000400         rw !x
eeprom           0x00810000         0x00000200         rw !x
fuse             0x00820000         0x00000003         rw !x
lock             0x00830000         0x00000400         rw !x
signature        0x00840000         0x00000400         rw !x
user_signatures  0x00850000         0x00000400         rw !x
*default*        0x00000000         0xffffffff

Linker script and memory map

Address of section .data set to 0x800100
LOAD C:/Program Files (x86)/Atmel/Studio/7.0/Packs/atmel/ATmega_DFP/1.7.374/gcc/dev/atmega88pa/avr4/crtatmega88pa.o
LOAD cinterrupts.o
LOAD drafts.o
LOAD functions.o
LOAD init.o
LOAD interrupts.o
LOAD LCD.o
LOAD main.o
START GROUP
LOAD c:/program files (x86)/atmel/studio/7.0/toolchain/avr8/avr8-gnu-toolchain/bin/../lib/gcc/avr/5.4.0/../../../../avr/lib/avr4\libm.a
END GROUP
START GROUP
LOAD c:/program files (x86)/atmel/studio/7.0/toolchain/avr8/avr8-gnu-toolchain/bin/../lib/gcc/avr/5.4.0/avr4\libgcc.a
LOAD c:/program files (x86)/atmel/studio/7.0/toolchain/avr8/avr8-gnu-toolchain/bin/../lib/gcc/avr/5.4.0/../../../../avr/lib/avr4\libm.a
LOAD c:/program files (x86)/atmel/studio/7.0/toolchain/avr8/avr8-gnu-toolchain/bin/../lib/gcc/avr/5.4.0/../../../../avr/lib/avr4\libc.a
LOAD C:/Program Files (x86)/Atmel/Studio/7.0/Packs/atmel/ATmega_DFP/1.7.374/gcc/dev/atmega88pa/avr4\libatmega88pa.a
END GROUP
                0x00000000                __TEXT_REGION_ORIGIN__ = DEFINED (__TEXT_REGION_ORIGIN__)?__TEXT_REGION_ORIGIN__:0x0
                [0x00800100]                __DATA_REGION_ORIGIN__ = DEFINED (__DATA_REGION_ORIGIN__)?__DATA_REGION_ORIGIN__:0x800060
                [0x00002000]                __TEXT_REGION_LENGTH__ = DEFINED (__TEXT_REGION_LENGTH__)?__TEXT_REGION_LENGTH__:0x2000
                [0x00000400]                __DATA_REGION_LENGTH__ = DEFINED (__DATA_REGION_LENGTH__)?__DATA_REGION_LENGTH__:0xffa0
                [0x00000200]                __EEPROM_REGION_LENGTH__ = DEFINED (__EEPROM_REGION_LENGTH__)?__EEPROM_REGION_LENGTH__:0x10000
                [0x00000003]                __FUSE_REGION_LENGTH__ = DEFINED (__FUSE_REGION_LENGTH__)?__FUSE_REGION_LENGTH__:0x400
                0x00000400                __LOCK_REGION_LENGTH__ = DEFINED (__LOCK_REGION_LENGTH__)?__LOCK_REGION_LENGTH__:0x400
                0x00000400                __SIGNATURE_REGION_LENGTH__ = DEFINED (__SIGNATURE_REGION_LENGTH__)?__SIGNATURE_REGION_LENGTH__:0x400
                0x00000400                __USER_SIGNATURE_REGION_LENGTH__ = DEFINED (__USER_SIGNATURE_REGION_LENGTH__)?__USER_SIGNATURE_REGION_LENGTH__:0x400

.hash
 *(.hash)

.dynsym
 *(.dynsym)

.dynstr
 *(.dynstr)

.gnu.version
 *(.gnu.version)

.gnu.version_d
 *(.gnu.version_d)

.gnu.version_r
 *(.gnu.version_r)

.rel.init
 *(.rel.init)

.rela.init
 *(.rela.init)

.rel.text
 *(.rel.text)
 *(.rel.text.*)
 *(.rel.gnu.linkonce.t*)

.rela.text
 *(.rela.text)
 *(.rela.text.*)
 *(.rela.gnu.linkonce.t*)

.rel.fini
 *(.rel.fini)

.rela.fini
 *(.rela.fini)

.rel.rodata
 *(.rel.rodata)
 *(.rel.rodata.*)
 *(.rel.gnu.linkonce.r*)

.rela.rodata
 *(.rela.rodata)
 *(.rela.rodata.*)
 *(.rela.gnu.linkonce.r*)

.rel.data
 *(.rel.data)
 *(.rel.data.*)
 *(.rel.gnu.linkonce.d*)

.rela.data
 *(.rela.data)
 *(.rela.data.*)
 *(.rela.gnu.linkonce.d*)

.rel.ctors
 *(.rel.ctors)

.rela.ctors
 *(.rela.ctors)

.rel.dtors
 *(.rel.dtors)

.rela.dtors
 *(.rela.dtors)

.rel.got
 *(.rel.got)

.rela.got
 *(.rela.got)

.rel.bss
 *(.rel.bss)

.rela.bss
 *(.rela.bss)

.rel.plt
 *(.rel.plt)

.rela.plt
 *(.rela.plt)

.text           0x00000000      0xf52
 *(.vectors)
 .vectors       0x00000000       0x34 C:/Program Files (x86)/Atmel/Studio/7.0/Packs/atmel/ATmega_DFP/1.7.374/gcc/dev/atmega88pa/avr4/crtatmega88pa.o
                0x00000000                __vector_default
                0x00000000                __vectors
 *(.vectors)
 *(.progmem.gcc*)
                0x00000034                . = ALIGN (0x2)
                0x00000034                __trampolines_start = .
 *(.trampolines)
 .trampolines   0x00000034        0x0 linker stubs
 *(.trampolines*)
                0x00000034                __trampolines_end = .
 *libprintf_flt.a:*(.progmem.data)
 *libc.a:*(.progmem.data)
 *(.progmem*)
 .progmem.data  0x00000034      0x9c8 main.o
                0x00000034                LCD_init
                0x0000003c                contr_pic
                0x000000a0                bat_cal_pic
                0x000000f2                sen_set_pic
                0x0000015c                bright_pic
                0x000001c0                clk_vol_pic
                0x00000218                threshold_pic
                0x0000027e                alarm_pic
                0x000002f2                count_pic
                0x0000035a                Off
                0x00000382                On
                0x000003aa                contrast_menu
                0x000003e0                batcal_menu
                0x0000041e                senset_menu
                0x0000045a                bright_menu
                0x00000498                volume_menu
                0x000004dc                threshold_menu
                0x00000518                alarm_menu
                0x0000053e                count_menu
                0x00000580                alarmON
                0x0000058c                alarmOFF
                0x00000596                soundON
                0x000005a0                soundOFF
                0x000005aa                Summa
                0x000005b8                Equal
                0x000005c0                Gamma
                0x000005d2                Beta
                0x000005e6                Alfa
                0x000005fa                Batter_bcap
                0x000005fe                Batter_cap
                0x00000602                Batter_nofill
                0x00000606                Batter_fill
                0x0000060a                Bq_cm2
                0x00000626                Mkr_H
                0x00000648                CPS
                0x0000066a                PLAY
                0x00000672                PAUSE
                0x0000067a                RAD_3
                0x000006a8                RAD_2
                0x000006ce                RAD_1
                0x000006fc                RAD_0
                0x0000071c                RAD_BIG
                0x0000084c                Dot
                0x00000850                DDot
                0x0000085c                CIFRA_9
                0x00000870                CIFRA_8
                0x00000884                CIFRA_7
                0x00000894                CIFRA_6
                0x000008a8                CIFRA_5
                0x000008bc                CIFRA_4
                0x000008d0                CIFRA_3
                0x000008e4                CIFRA_2
                0x000008f8                CIFRA_1
                0x0000090a                CIFRA_0
                0x0000091e                MED_Dot
                0x00000922                MED_CIFRA_9
                0x00000930                MED_CIFRA_8
                0x0000093c                MED_CIFRA_7
                0x00000948                MED_CIFRA_6
                0x00000954                MED_CIFRA_5
                0x00000960                MED_CIFRA_4
                0x0000096c                MED_CIFRA_3
                0x00000978                MED_CIFRA_2
                0x00000984                MED_CIFRA_1
                0x00000992                MED_CIFRA_0
                0x0000099e                MINI_Ddot
                0x000009a2                MINI_dot
                0x000009a6                MINI_CIFRA_9
                0x000009ae                MINI_CIFRA_8
                0x000009b6                MINI_CIFRA_7
                0x000009be                MINI_CIFRA_6
                0x000009c6                MINI_CIFRA_5
                0x000009ce                MINI_CIFRA_4
                0x000009d6                MINI_CIFRA_3
                0x000009de                MINI_CIFRA_2
                0x000009e6                MINI_CIFRA_1
                0x000009f0                MINI_CIFRA_0
                0x000009f8                MINI_CIFRA_SP
                0x000009fc                . = ALIGN (0x2)
 *(.jumptables)
 *(.jumptables*)
 *(.lowtext)
 *(.lowtext*)
                0x000009fc                __ctors_start = .
 *(.ctors)
                0x000009fc                __ctors_end = .
                0x000009fc                __dtors_start = .
 *(.dtors)
                0x000009fc                __dtors_end = .
 SORT(*)(.ctors)
 SORT(*)(.dtors)
 *(.init0)
 .init0         0x000009fc        0x0 C:/Program Files (x86)/Atmel/Studio/7.0/Packs/atmel/ATmega_DFP/1.7.374/gcc/dev/atmega88pa/avr4/crtatmega88pa.o
                0x000009fc                __init
 *(.init0)
 *(.init1)
 *(.init1)
 *(.init2)
 .init2         0x000009fc        0xc C:/Program Files (x86)/Atmel/Studio/7.0/Packs/atmel/ATmega_DFP/1.7.374/gcc/dev/atmega88pa/avr4/crtatmega88pa.o
 *(.init2)
 *(.init3)
 *(.init3)
 *(.init4)
 .init4         0x00000a08       0x10 c:/program files (x86)/atmel/studio/7.0/toolchain/avr8/avr8-gnu-toolchain/bin/../lib/gcc/avr/5.4.0/avr4\libgcc.a(_clear_bss.o)
                0x00000a08                __do_clear_bss
 *(.init4)
 *(.init5)
 *(.init5)
 *(.init6)
 *(.init6)
 *(.init7)
 *(.init7)
 *(.init8)
 *(.init8)
 *(.init9)
 .init9         0x00000a18        0x4 C:/Program Files (x86)/Atmel/Studio/7.0/Packs/atmel/ATmega_DFP/1.7.374/gcc/dev/atmega88pa/avr4/crtatmega88pa.o
 *(.init9)
 *(.text)
 .text          0x00000a1c        0x2 C:/Program Files (x86)/Atmel/Studio/7.0/Packs/atmel/ATmega_DFP/1.7.374/gcc/dev/atmega88pa/avr4/crtatmega88pa.o
                0x00000a1c                __vector_22
                0x00000a1c                __vector_24
                0x00000a1c                __vector_12
                0x00000a1c                __bad_interrupt
                0x00000a1c                __vector_6
                0x00000a1c                __vector_3
                0x00000a1c                __vector_23
                0x00000a1c                __vector_25
                0x00000a1c                __vector_11
                0x00000a1c                __vector_17
                0x00000a1c                __vector_19
                0x00000a1c                __vector_7
                0x00000a1c                __vector_5
                0x00000a1c                __vector_9
                0x00000a1c                __vector_2
                0x00000a1c                __vector_21
                0x00000a1c                __vector_15
                0x00000a1c                __vector_8
                0x00000a1c                __vector_10
                0x00000a1c                __vector_18
                0x00000a1c                __vector_20
 .text          0x00000a1e       0xbc functions.o
                0x00000a1e                BCD_conversion8
                0x00000a38                BCD_conversion16
                0x00000a54                BCD_conversion24
 .text          0x00000ada        0x2 interrupts.o
                0x00000ada                __vector_1
                0x00000adc                . = ALIGN (0x2)
 *(.text.*)
 .text.__vector_4
                0x00000adc       0x14 cinterrupts.o
                0x00000adc                __vector_4
 .text.__vector_13
                0x00000af0       0x22 cinterrupts.o
                0x00000af0                __vector_13
 .text.__vector_16
                0x00000b12       0x16 cinterrupts.o
                0x00000b12                __vector_16
 .text.__vector_14
                0x00000b28       0x46 cinterrupts.o
                0x00000b28                __vector_14
 .text.init     0x00000b6e       0xbe init.o
                0x00000b6e                init
 .text.start_count_cps
                0x00000c2c       0x16 init.o
                0x00000c2c                start_count_cps
 .text.stop_count_cps
                0x00000c42        0xa init.o
                0x00000c42                stop_count_cps
 .text.LCD_data
                0x00000c4c        0x4 LCD.o
 .text.SPI_tx   0x00000c50       0x1a LCD.o
                0x00000c50                SPI_tx
 .text.LCD_goto_xy
                0x00000c6a       0x24 LCD.o
                0x00000c6a                LCD_goto_xy
 .text.LCD_xy   0x00000c8e        0xa LCD.o
                0x00000c8e                LCD_xy
 .text.LCD_send
                0x00000c98       0xdc LCD.o
                0x00000c98                LCD_send
 .text.LCD_clr  0x00000d74       0x20 LCD.o
                0x00000d74                LCD_clr
 .text.LCD_element
                0x00000d94       0x1c LCD.o
                0x00000d94                LCD_element
 .text.GetCPS   0x00000db0       0x46 main.o
                0x00000db0                GetCPS
 .text.startup.main
                0x00000df6      0x158 main.o
                0x00000df6                main
                0x00000f4e                . = ALIGN (0x2)
 *(.fini9)
 .fini9         0x00000f4e        0x0 c:/program files (x86)/atmel/studio/7.0/toolchain/avr8/avr8-gnu-toolchain/bin/../lib/gcc/avr/5.4.0/avr4\libgcc.a(_exit.o)
                0x00000f4e                _exit
                0x00000f4e                exit
 *(.fini9)
 *(.fini8)
 *(.fini8)
 *(.fini7)
 *(.fini7)
 *(.fini6)
 *(.fini6)
 *(.fini5)
 *(.fini5)
 *(.fini4)
 *(.fini4)
 *(.fini3)
 *(.fini3)
 *(.fini2)
 *(.fini2)
 *(.fini1)
 *(.fini1)
 *(.fini0)
 .fini0         0x00000f4e        0x4 c:/program files (x86)/atmel/studio/7.0/toolchain/avr8/avr8-gnu-toolchain/bin/../lib/gcc/avr/5.4.0/avr4\libgcc.a(_exit.o)
 *(.fini0)
                0x00000f52                _etext = .

.data           0x00800100        0x0 load address 0x00000f52
                [!provide]                PROVIDE (__data_start, .)
 *(.data)
 *(.data*)
 *(.gnu.linkonce.d*)
 *(.rodata)
 *(.rodata*)
 *(.gnu.linkonce.r*)
                0x00800100                . = ALIGN (0x2)
                0x00800100                _edata = .
                [!provide]                PROVIDE (__data_end, .)

.bss            0x00800100       0x2d
                0x00800100                PROVIDE (__bss_start, .)
 *(.bss)
 *(.bss*)
 *(COMMON)
 COMMON         0x00800100        0x2 LCD.o
                0x00800100                LCD_pos_Y
                0x00800101                LCD_pos_X
 COMMON         0x00800102       0x2b main.o
                0x00800102                alarm_el
                0x00800106                smDig
                0x0080011a                T1_ovf_count
                0x0080011b                current_cps_count
                0x0080011d                Mystruct
                0x0080011f                test
                0x00800120                inversion
                0x00800121                BCD
                0x00800129                count_el
                0x0080012d                PROVIDE (__bss_end, .)
                0x00000f52                __data_load_start = LOADADDR (.data)
                0x00000f52                __data_load_end = (__data_load_start + SIZEOF (.data))

.noinit         0x0080012d        0x0
                [!provide]                PROVIDE (__noinit_start, .)
 *(.noinit*)
                [!provide]                PROVIDE (__noinit_end, .)
                0x0080012d                _end = .
                [!provide]                PROVIDE (__heap_start, .)

.eeprom         0x00810000        0x0
 *(.eeprom*)
                0x00810000                __eeprom_end = .

.fuse
 *(.fuse)
 *(.lfuse)
 *(.hfuse)
 *(.efuse)

.lock
 *(.lock*)

.signature
 *(.signature*)

.user_signatures
 *(.user_signatures*)

.stab
 *(.stab)

.stabstr
 *(.stabstr)

.stab.excl
 *(.stab.excl)

.stab.exclstr
 *(.stab.exclstr)

.stab.index
 *(.stab.index)

.stab.indexstr
 *(.stab.indexstr)

.comment        0x00000000       0x30
 *(.comment)
 .comment       0x00000000       0x30 cinterrupts.o
                                 0x31 (size before relaxing)
 .comment       0x00000030       0x31 init.o
 .comment       0x00000030       0x31 LCD.o
 .comment       0x00000030       0x31 main.o

.note.gnu.avr.deviceinfo
                0x00000000       0x40
 .note.gnu.avr.deviceinfo
                0x00000000       0x40 C:/Program Files (x86)/Atmel/Studio/7.0/Packs/atmel/ATmega_DFP/1.7.374/gcc/dev/atmega88pa/avr4/crtatmega88pa.o

.note.gnu.build-id
 *(.note.gnu.build-id)

.debug
 *(.debug)

.line
 *(.line)

.debug_srcinfo
 *(.debug_srcinfo)

.debug_sfnames
 *(.debug_sfnames)

.debug_aranges  0x00000000       0x40
 *(.debug_aranges)
 .debug_aranges
                0x00000000       0x20 functions.o
 .debug_aranges
                0x00000020       0x20 interrupts.o

.debug_pubnames
 *(.debug_pubnames)

.debug_info     0x00000000      0x6e7
 *(.debug_info .gnu.linkonce.wi.*)
 .debug_info    0x00000000      0x5f4 C:/Program Files (x86)/Atmel/Studio/7.0/Packs/atmel/ATmega_DFP/1.7.374/gcc/dev/atmega88pa/avr4/crtatmega88pa.o
 .debug_info    0x000005f4       0x79 functions.o
 .debug_info    0x0000066d       0x7a interrupts.o

.debug_abbrev   0x00000000      0x5ca
 *(.debug_abbrev)
 .debug_abbrev  0x00000000      0x5a2 C:/Program Files (x86)/Atmel/Studio/7.0/Packs/atmel/ATmega_DFP/1.7.374/gcc/dev/atmega88pa/avr4/crtatmega88pa.o
 .debug_abbrev  0x000005a2       0x14 functions.o
 .debug_abbrev  0x000005b6       0x14 interrupts.o

.debug_line     0x00000000      0x3de
 *(.debug_line .debug_line.* .debug_line_end)
 .debug_line    0x00000000      0x133 C:/Program Files (x86)/Atmel/Studio/7.0/Packs/atmel/ATmega_DFP/1.7.374/gcc/dev/atmega88pa/avr4/crtatmega88pa.o
 .debug_line    0x00000133      0x26c functions.o
 .debug_line    0x0000039f       0x3f interrupts.o

.debug_frame
 *(.debug_frame)

.debug_str      0x00000000      0x208
 *(.debug_str)
 .debug_str     0x00000000      0x208 C:/Program Files (x86)/Atmel/Studio/7.0/Packs/atmel/ATmega_DFP/1.7.374/gcc/dev/atmega88pa/avr4/crtatmega88pa.o

.debug_loc
 *(.debug_loc)

.debug_macinfo
 *(.debug_macinfo)

.debug_weaknames
 *(.debug_weaknames)

.debug_funcnames
 *(.debug_funcnames)

.debug_typenames
 *(.debug_typenames)

.debug_varnames
 *(.debug_varnames)

.debug_pubtypes
 *(.debug_pubtypes)

.debug_ranges
 *(.debug_ranges)

.debug_macro
 *(.debug_macro)
OUTPUT(cbt-10c.elf elf32-avr)
LOAD linker stubs
